   0 RESUME                         0
   2 LOAD_BUILD_CLASS               0
   4 PUSH_NULL                      0
   6 LOAD_CONST                     0
   8 MAKE_FUNCTION                  0
  10 LOAD_CONST                     1
  12 CALL                           2
  20 STORE_NAME                     0
  22 LOAD_CONST                     2
  24 RETURN_VALUE                   0

Disassembly of C:
     0 RESUME                         0
     2 LOAD_NAME                      0
     4 STORE_NAME                     1
     6 LOAD_CONST                     0
     8 STORE_NAME                     2
    10 LOAD_CONST                     1
    12 RETURN_VALUE                   0
