   0 RESUME                         0
   2 LOAD_CONST                     0
   4 MAKE_FUNCTION                  0
   6 STORE_NAME                     0
   8 LOAD_CONST                     1
  10 RETURN_VALUE                   0

Disassembly of f:
     0 RESUME                         0
     2 LOAD_FAST                      0
     4 LOAD_CONST                     0
     6 BINARY_OP                      0
    18 RETURN_VALUE                   0
