   0 RESUME                         0
   2 LOAD_CONST                     0
   4 LOAD_CONST                     1
   6 LOAD_NAME                      0
   8 CALL_INTRINSIC_1               12
  10 STORE_NAME                     1
  12 LOAD_CONST                     1
  14 RETURN_VALUE                   0
